// Jest Snapshot v1, https://goo.gl/fbAQLP

exports[`Haciendo pruebas sobre el componente <TodoApp /> debe de mostrarse correctamente  1`] = `
<div>
  <h1>
    TodoApp: 
    0
     
  </h1>
  <hr />
  <div
    className="row"
  >
    <div
      className="col-7"
    >
      Todos
      <TodoList
        handleDeleteItem={[Function]}
        handleToggle={[Function]}
        todos={Array []}
      />
    </div>
    <div
      className="col-5"
    >
      <h4>
        Agregar Todo
      </h4>
      <hr />
      <AddTodo
        handleAddTodo={[Function]}
      />
    </div>
  </div>
</div>
`;
