// Jest Snapshot v1, https://goo.gl/fbAQLP

exports[`Haciendo pruebas sobre el componente <RealExampleRef /> debe mostrar el componente correctamente  1`] = `
<div>
  <h1>
    Real Example Ref
  </h1>
  <hr />
  <button
    className="btn btn-outline-primary mt-5"
    onClick={[Function]}
  >
    Show/Hide
  </button>
</div>
`;
