// Jest Snapshot v1, https://goo.gl/fbAQLP

exports[`Pruebas en el componente <HomeScreen /> debe de mostrarse correctamente  1`] = `
<div>
  <h1>
    Home Screen
  </h1>
  <hr />
  <pre>
    {
   "name": "batman",
   "email": "alfred@gmail.com"
}
  </pre>
</div>
`;
