// Jest Snapshot v1, https://goo.gl/fbAQLP

exports[`Haciendo pruebas sobre el componente <LoginScreen /> debe de mostrarse correctamente  1`] = `
<div>
  <h1>
    Login Screen
  </h1>
  <hr />
  <button
    className="btn btn-outline-primary"
    onClick={[Function]}
  >
    Iniciar Sesi√≥n
  </button>
</div>
`;
